"""
This is a doctest file for 7-base_geometry.py

Run with:
$ python3 -m doctest ./tests/7-base_geometry.txt
"""

>>> bg = BaseGeometry()

>>> bg.area()
Traceback (most recent call last):
...
Exception: area() is not implemented

>>> bg.integer_validator("width", 5)

>>> bg.integer_validator("height", -1)
Traceback (most recent call last):
...
ValueError: height must be greater than 0

>>> bg.integer_validator("size", "5")
Traceback (most recent call last):
...
TypeError: size must be an integer
